   0  $accept : programa $end

   1  programa : nombre bloque_sentencias
   2           | T_ID
   3           | bloque_sentencias
   4           |

   5  bloque_sentencias : BEGIN sentencias END
   6                    | BEGIN END

   7  sentencias : sentencia
   8             | sentencias sentencia

   9  sentencia : declaracion
  10            | asignacion
  11            | if_statement
  12            | repeat_while_statement
  13            | salida
  14            | declaracion_funcion
  15            | goto_statement
  16            | sentencia_declarativa_tipos
  17            | T_ETIQUETA
  18            | RET '(' expresion ')' ';'
  19            | RET '(' expresion ')'
  20            | RET '(' ')' ';'

  21  declaracion : tipo lista_var ';'
  22              | tipo lista_var error
  23              | tipo ';'

  24  lista_var : lista_var ',' T_ID
  25            | T_ID
  26            | lista_var T_ID

  27  nombre : T_ID

  28  encabezado_funcion : tipo FUN

  29  declaracion_funcion : encabezado_funcion nombre '(' parametro ')' bloque_sentencias
  30                      | encabezado_funcion nombre '(' parametros_error ')' bloque_sentencias
  31                      | encabezado_funcion nombre '(' tipo ')' bloque_sentencias
  32                      | tipo nombre '(' tipo T_ID ')' bloque_sentencias
  33                      | encabezado_funcion '(' tipo T_ID ')' bloque_sentencias
  34                      | encabezado_funcion nombre '(' parametro ')' bloque_sentencias ';'

  35  parametro : tipo T_ID

  36  parametros_error : parametro ',' parametro
  37                   | parametros_error ',' parametro
  38                   |

  39  repeat_sentencia : bloque_sentencias
  40                   | sentencia

  41  tipo : DOUBLE
  42       | LONGINT
  43       | T_ID

  44  signo_THEN : THEN

  45  signo_ELSE : ELSE

  46  bloque_THEN : signo_THEN repeat_sentencia

  47  bloque_THEN_CON_ELSE : signo_THEN repeat_sentencia

  48  bloque_ELSE : signo_ELSE repeat_sentencia

  49  if_statement : IF '(' condicion ')' bloque_THEN END_IF ';'
  50               | IF '(' condicion ')' bloque_THEN_CON_ELSE bloque_ELSE END_IF ';'
  51               | IF '(' condicion ')' bloque_THEN_CON_ELSE repeat_sentencia END_IF ';'
  52               | IF '(' condicion ')' bloque_THEN END_IF
  53               | IF '(' condicion ')' bloque_THEN_CON_ELSE bloque_ELSE END_IF
  54               | IF '(' ')' bloque_THEN END_IF ';'
  55               | IF '(' ')' bloque_THEN_CON_ELSE bloque_ELSE END_IF ';'
  56               | IF '(' condicion ')' repeat_sentencia END_IF ';'
  57               | IF '(' condicion ')' repeat_sentencia bloque_ELSE END_IF ';'
  58               | IF '(' condicion ')' signo_THEN END_IF ';'
  59               | IF '(' condicion ')' signo_THEN signo_ELSE END_IF ';'
  60               | IF condicion bloque_THEN END_IF ';'
  61               | IF condicion bloque_THEN_CON_ELSE bloque_ELSE END_IF ';'
  62               | IF '(' condicion ')' bloque_THEN error ';'
  63               | IF '(' condicion ')' bloque_THEN_CON_ELSE bloque_ELSE error ';'

  64  inicio_while : REPEAT

  65  repeat_while_statement : inicio_while repeat_sentencia WHILE '(' condicion ')' ';'
  66                         | inicio_while repeat_sentencia WHILE '(' condicion ')'
  67                         | inicio_while WHILE '(' condicion ')'
  68                         | inicio_while repeat_sentencia WHILE '(' ')' ';'
  69                         | inicio_while repeat_sentencia WHILE condicion ';'
  70                         | inicio_while repeat_sentencia error '(' condicion ')' ';'

  71  salida : OUTF '(' T_CADENA ')' ';'
  72         | OUTF '(' expresion ')' ';'
  73         | OUTF '(' expresion ')'
  74         | OUTF '(' T_CADENA ')'
  75         | OUTF '(' sentencia ')' ';'
  76         | OUTF '(' ')' ';'

  77  sentencia_declarativa_tipos : TYPEDEF T_ID T_ASIGNACION tipo subrango ';'
  78                              | TYPEDEF PAIR '<' LONGINT '>' T_ID ';'
  79                              | TYPEDEF PAIR '<' DOUBLE '>' T_ID ';'
  80                              | TYPEDEF PAIR '<' '>' T_ID ';'
  81                              | TYPEDEF PAIR DOUBLE T_ID ';'
  82                              | TYPEDEF PAIR LONGINT T_ID ';'
  83                              | TYPEDEF T_ID T_ASIGNACION tipo subrango
  84                              | TYPEDEF PAIR '<' T_ID '>' T_ID ';'
  85                              | TYPEDEF PAIR '<' LONGINT '>' T_ID
  86                              | TYPEDEF PAIR '<' DOUBLE '>' T_ID
  87                              | TYPEDEF '<' LONGINT '>' T_ID ';'
  88                              | TYPEDEF '<' DOUBLE '>' T_ID ';'
  89                              | TYPEDEF PAIR '<' LONGINT '>' ';'
  90                              | TYPEDEF PAIR '<' DOUBLE '>' ';'
  91                              | TYPEDEF T_ASIGNACION tipo subrango ';'
  92                              | TYPEDEF T_ID T_ASIGNACION subrango ';'
  93                              | TYPEDEF T_ID T_ASIGNACION tipo ';'
  94                              | TYPEDEF T_ID tipo subrango ';'

  95  subrango : '{' T_CTE ',' T_CTE '}'
  96           | '{' '-' T_CTE ',' T_CTE '}'
  97           | '{' T_CTE ',' '-' T_CTE '}'
  98           | '{' '-' T_CTE ',' '-' T_CTE '}'
  99           | '{' '}'
 100           | error

 101  condicion : expresion comparador expresion
 102            | expresion error expresion
 103            | expresion comparador
 104            | comparador expresion

 105  comparador : MENOR_IGUAL
 106             | MAYOR_IGUAL
 107             | DISTINTO
 108             | '='
 109             | '<'
 110             | '>'

 111  asignacion : IDENTIFIER_LIST T_ASIGNACION expresion_list error
 112             | IDENTIFIER_LIST T_ASIGNACION expresion_list ';'
 113             | IDENTIFIER_LIST T_ASIGNACION ';'

 114  expresion_list : expresion
 115                 | expresion_list ',' expresion

 116  IDENTIFIER_LIST : IDENTIFIER_LIST ',' T_ID
 117                  | IDENTIFIER_LIST ',' acceso_par
 118                  | T_ID
 119                  | acceso_par
 120                  | acceso_par error acceso_par
 121                  | T_ID error acceso_par
 122                  | acceso_par error T_ID
 123                  | T_CTE
 124                  | IDENTIFIER_LIST ',' T_CTE

 125  acceso_par : T_ID '{' T_CTE '}'
 126             | T_ID '{' '}'
 127             | T_ID T_CADENA

 128  goto_statement : GOTO T_ETIQUETA ';'
 129                 | GOTO ';'
 130                 | GOTO T_ETIQUETA
 131                 | GOTO error

 132  invocacion_funcion : T_ID '(' parametro_real ')'
 133                     | T_ID '(' error ')'

 134  parametro_real : expresion_aritmetica

 135  expresion_aritmetica : expresion_aritmetica '+' expresion_aritmetica
 136                       | expresion_aritmetica '-' expresion_aritmetica
 137                       | expresion_aritmetica '*' expresion_aritmetica
 138                       | expresion_aritmetica '/' expresion_aritmetica
 139                       | T_CTE
 140                       | T_ID
 141                       | acceso_par
 142                       | unaria

 143  expresion : expresion '+' expresion
 144            | expresion '-' expresion
 145            | expresion '*' expresion
 146            | expresion '/' expresion
 147            | T_CTE
 148            | T_ID
 149            | acceso_par
 150            | invocacion_funcion
 151            | unaria
 152            | error

 153  unaria : '-' T_CTE

state 0
	$accept : . programa $end  (0)
	programa : .  (4)

	BEGIN  shift 1
	T_ID  shift 2
	$end  reduce 4

	programa  goto 3
	nombre  goto 4
	bloque_sentencias  goto 5


state 1
	bloque_sentencias : BEGIN . sentencias END  (5)
	bloque_sentencias : BEGIN . END  (6)

	IF  shift 6
	END  shift 7
	OUTF  shift 8
	TYPEDEF  shift 9
	RET  shift 10
	REPEAT  shift 11
	GOTO  shift 12
	LONGINT  shift 13
	DOUBLE  shift 14
	T_ID  shift 15
	T_CTE  shift 16
	T_ETIQUETA  shift 17
	.  error

	sentencias  goto 18
	sentencia  goto 19
	declaracion  goto 20
	asignacion  goto 21
	if_statement  goto 22
	repeat_while_statement  goto 23
	salida  goto 24
	declaracion_funcion  goto 25
	goto_statement  goto 26
	sentencia_declarativa_tipos  goto 27
	tipo  goto 28
	encabezado_funcion  goto 29
	inicio_while  goto 30
	IDENTIFIER_LIST  goto 31
	acceso_par  goto 32


state 2
	programa : T_ID .  (2)
	nombre : T_ID .  (27)

	$end  reduce 2
	BEGIN  reduce 27


state 3
	$accept : programa . $end  (0)

	$end  accept


state 4
	programa : nombre . bloque_sentencias  (1)

	BEGIN  shift 1
	.  error

	bloque_sentencias  goto 33


state 5
	programa : bloque_sentencias .  (3)

	.  reduce 3


state 6
	if_statement : IF . '(' condicion ')' bloque_THEN END_IF ';'  (49)
	if_statement : IF . '(' condicion ')' bloque_THEN_CON_ELSE bloque_ELSE END_IF ';'  (50)
	if_statement : IF . '(' condicion ')' bloque_THEN_CON_ELSE repeat_sentencia END_IF ';'  (51)
	if_statement : IF . '(' condicion ')' bloque_THEN END_IF  (52)
	if_statement : IF . '(' condicion ')' bloque_THEN_CON_ELSE bloque_ELSE END_IF  (53)
	if_statement : IF . '(' ')' bloque_THEN END_IF ';'  (54)
	if_statement : IF . '(' ')' bloque_THEN_CON_ELSE bloque_ELSE END_IF ';'  (55)
	if_statement : IF . '(' condicion ')' repeat_sentencia END_IF ';'  (56)
	if_statement : IF . '(' condicion ')' repeat_sentencia bloque_ELSE END_IF ';'  (57)
	if_statement : IF . '(' condicion ')' signo_THEN END_IF ';'  (58)
	if_statement : IF . '(' condicion ')' signo_THEN signo_ELSE END_IF ';'  (59)
	if_statement : IF . condicion bloque_THEN END_IF ';'  (60)
	if_statement : IF . condicion bloque_THEN_CON_ELSE bloque_ELSE END_IF ';'  (61)
	if_statement : IF . '(' condicion ')' bloque_THEN error ';'  (62)
	if_statement : IF . '(' condicion ')' bloque_THEN_CON_ELSE bloque_ELSE error ';'  (63)

	error  shift 34
	MENOR_IGUAL  shift 35
	MAYOR_IGUAL  shift 36
	DISTINTO  shift 37
	T_ID  shift 38
	T_CTE  shift 39
	'-'  shift 40
	'('  shift 41
	'<'  shift 42
	'>'  shift 43
	'='  shift 44
	.  error

	expresion  goto 45
	condicion  goto 46
	comparador  goto 47
	acceso_par  goto 48
	invocacion_funcion  goto 49
	unaria  goto 50


state 7
	bloque_sentencias : BEGIN END .  (6)

	.  reduce 6


state 8
	salida : OUTF . '(' T_CADENA ')' ';'  (71)
	salida : OUTF . '(' expresion ')' ';'  (72)
	salida : OUTF . '(' expresion ')'  (73)
	salida : OUTF . '(' T_CADENA ')'  (74)
	salida : OUTF . '(' sentencia ')' ';'  (75)
	salida : OUTF . '(' ')' ';'  (76)

	'('  shift 51
	.  error


state 9
	sentencia_declarativa_tipos : TYPEDEF . T_ID T_ASIGNACION tipo subrango ';'  (77)
	sentencia_declarativa_tipos : TYPEDEF . PAIR '<' LONGINT '>' T_ID ';'  (78)
	sentencia_declarativa_tipos : TYPEDEF . PAIR '<' DOUBLE '>' T_ID ';'  (79)
	sentencia_declarativa_tipos : TYPEDEF . PAIR '<' '>' T_ID ';'  (80)
	sentencia_declarativa_tipos : TYPEDEF . PAIR DOUBLE T_ID ';'  (81)
	sentencia_declarativa_tipos : TYPEDEF . PAIR LONGINT T_ID ';'  (82)
	sentencia_declarativa_tipos : TYPEDEF . T_ID T_ASIGNACION tipo subrango  (83)
	sentencia_declarativa_tipos : TYPEDEF . PAIR '<' T_ID '>' T_ID ';'  (84)
	sentencia_declarativa_tipos : TYPEDEF . PAIR '<' LONGINT '>' T_ID  (85)
	sentencia_declarativa_tipos : TYPEDEF . PAIR '<' DOUBLE '>' T_ID  (86)
	sentencia_declarativa_tipos : TYPEDEF . '<' LONGINT '>' T_ID ';'  (87)
	sentencia_declarativa_tipos : TYPEDEF . '<' DOUBLE '>' T_ID ';'  (88)
	sentencia_declarativa_tipos : TYPEDEF . PAIR '<' LONGINT '>' ';'  (89)
	sentencia_declarativa_tipos : TYPEDEF . PAIR '<' DOUBLE '>' ';'  (90)
	sentencia_declarativa_tipos : TYPEDEF . T_ASIGNACION tipo subrango ';'  (91)
	sentencia_declarativa_tipos : TYPEDEF . T_ID T_ASIGNACION subrango ';'  (92)
	sentencia_declarativa_tipos : TYPEDEF . T_ID T_ASIGNACION tipo ';'  (93)
	sentencia_declarativa_tipos : TYPEDEF . T_ID tipo subrango ';'  (94)

	PAIR  shift 52
	T_ASIGNACION  shift 53
	T_ID  shift 54
	'<'  shift 55
	.  error


state 10
	sentencia : RET . '(' expresion ')' ';'  (18)
	sentencia : RET . '(' expresion ')'  (19)
	sentencia : RET . '(' ')' ';'  (20)

	'('  shift 56
	.  error


state 11
	inicio_while : REPEAT .  (64)

	.  reduce 64


state 12
	goto_statement : GOTO . T_ETIQUETA ';'  (128)
	goto_statement : GOTO . ';'  (129)
	goto_statement : GOTO . T_ETIQUETA  (130)
	goto_statement : GOTO . error  (131)

	error  shift 57
	T_ETIQUETA  shift 58
	';'  shift 59
	.  error


state 13
	tipo : LONGINT .  (42)

	.  reduce 42


state 14
	tipo : DOUBLE .  (41)

	.  reduce 41


state 15
	tipo : T_ID .  (43)
	IDENTIFIER_LIST : T_ID .  (118)
	IDENTIFIER_LIST : T_ID . error acceso_par  (121)
	acceso_par : T_ID . '{' T_CTE '}'  (125)
	acceso_par : T_ID . '{' '}'  (126)
	acceso_par : T_ID . T_CADENA  (127)

	error  shift 60
	T_CADENA  shift 61
	'{'  shift 62
	FUN  reduce 43
	T_ASIGNACION  reduce 118
	T_ID  reduce 43
	';'  reduce 43
	','  reduce 118


state 16
	IDENTIFIER_LIST : T_CTE .  (123)

	.  reduce 123


state 17
	sentencia : T_ETIQUETA .  (17)

	.  reduce 17


state 18
	bloque_sentencias : BEGIN sentencias . END  (5)
	sentencias : sentencias . sentencia  (8)

	IF  shift 6
	END  shift 63
	OUTF  shift 8
	TYPEDEF  shift 9
	RET  shift 10
	REPEAT  shift 11
	GOTO  shift 12
	LONGINT  shift 13
	DOUBLE  shift 14
	T_ID  shift 15
	T_CTE  shift 16
	T_ETIQUETA  shift 17
	.  error

	sentencia  goto 64
	declaracion  goto 20
	asignacion  goto 21
	if_statement  goto 22
	repeat_while_statement  goto 23
	salida  goto 24
	declaracion_funcion  goto 25
	goto_statement  goto 26
	sentencia_declarativa_tipos  goto 27
	tipo  goto 28
	encabezado_funcion  goto 29
	inicio_while  goto 30
	IDENTIFIER_LIST  goto 31
	acceso_par  goto 32


state 19
	sentencias : sentencia .  (7)

	.  reduce 7


state 20
	sentencia : declaracion .  (9)

	.  reduce 9


state 21
	sentencia : asignacion .  (10)

	.  reduce 10


state 22
	sentencia : if_statement .  (11)

	.  reduce 11


state 23
	sentencia : repeat_while_statement .  (12)

	.  reduce 12


state 24
	sentencia : salida .  (13)

	.  reduce 13


state 25
	sentencia : declaracion_funcion .  (14)

	.  reduce 14


state 26
	sentencia : goto_statement .  (15)

	.  reduce 15


state 27
	sentencia : sentencia_declarativa_tipos .  (16)

	.  reduce 16


state 28
	declaracion : tipo . lista_var ';'  (21)
	declaracion : tipo . lista_var error  (22)
	declaracion : tipo . ';'  (23)
	encabezado_funcion : tipo . FUN  (28)
	declaracion_funcion : tipo . nombre '(' tipo T_ID ')' bloque_sentencias  (32)

	FUN  shift 65
	T_ID  shift 66
	';'  shift 67
	.  error

	nombre  goto 68
	lista_var  goto 69


state 29
	declaracion_funcion : encabezado_funcion . nombre '(' parametro ')' bloque_sentencias  (29)
	declaracion_funcion : encabezado_funcion . nombre '(' parametros_error ')' bloque_sentencias  (30)
	declaracion_funcion : encabezado_funcion . nombre '(' tipo ')' bloque_sentencias  (31)
	declaracion_funcion : encabezado_funcion . '(' tipo T_ID ')' bloque_sentencias  (33)
	declaracion_funcion : encabezado_funcion . nombre '(' parametro ')' bloque_sentencias ';'  (34)

	T_ID  shift 70
	'('  shift 71
	.  error

	nombre  goto 72


state 30
	repeat_while_statement : inicio_while . repeat_sentencia WHILE '(' condicion ')' ';'  (65)
	repeat_while_statement : inicio_while . repeat_sentencia WHILE '(' condicion ')'  (66)
	repeat_while_statement : inicio_while . WHILE '(' condicion ')'  (67)
	repeat_while_statement : inicio_while . repeat_sentencia WHILE '(' ')' ';'  (68)
	repeat_while_statement : inicio_while . repeat_sentencia WHILE condicion ';'  (69)
	repeat_while_statement : inicio_while . repeat_sentencia error '(' condicion ')' ';'  (70)

	IF  shift 6
	BEGIN  shift 1
	OUTF  shift 8
	TYPEDEF  shift 9
	RET  shift 10
	REPEAT  shift 11
	WHILE  shift 73
	GOTO  shift 12
	LONGINT  shift 13
	DOUBLE  shift 14
	T_ID  shift 15
	T_CTE  shift 16
	T_ETIQUETA  shift 17
	.  error

	bloque_sentencias  goto 74
	sentencia  goto 75
	declaracion  goto 20
	asignacion  goto 21
	if_statement  goto 22
	repeat_while_statement  goto 23
	salida  goto 24
	declaracion_funcion  goto 25
	goto_statement  goto 26
	sentencia_declarativa_tipos  goto 27
	tipo  goto 28
	encabezado_funcion  goto 29
	repeat_sentencia  goto 76
	inicio_while  goto 30
	IDENTIFIER_LIST  goto 31
	acceso_par  goto 32


state 31
	asignacion : IDENTIFIER_LIST . T_ASIGNACION expresion_list error  (111)
	asignacion : IDENTIFIER_LIST . T_ASIGNACION expresion_list ';'  (112)
	asignacion : IDENTIFIER_LIST . T_ASIGNACION ';'  (113)
	IDENTIFIER_LIST : IDENTIFIER_LIST . ',' T_ID  (116)
	IDENTIFIER_LIST : IDENTIFIER_LIST . ',' acceso_par  (117)
	IDENTIFIER_LIST : IDENTIFIER_LIST . ',' T_CTE  (124)

	T_ASIGNACION  shift 77
	','  shift 78
	.  error


state 32
	IDENTIFIER_LIST : acceso_par .  (119)
	IDENTIFIER_LIST : acceso_par . error acceso_par  (120)
	IDENTIFIER_LIST : acceso_par . error T_ID  (122)

	error  shift 79
	T_ASIGNACION  reduce 119
	','  reduce 119


state 33
	programa : nombre bloque_sentencias .  (1)

	.  reduce 1


state 34
	expresion : error .  (152)

	.  reduce 152


state 35
	comparador : MENOR_IGUAL .  (105)

	.  reduce 105


state 36
	comparador : MAYOR_IGUAL .  (106)

	.  reduce 106


state 37
	comparador : DISTINTO .  (107)

	.  reduce 107


state 38
	acceso_par : T_ID . '{' T_CTE '}'  (125)
	acceso_par : T_ID . '{' '}'  (126)
	acceso_par : T_ID . T_CADENA  (127)
	invocacion_funcion : T_ID . '(' parametro_real ')'  (132)
	invocacion_funcion : T_ID . '(' error ')'  (133)
	expresion : T_ID .  (148)

	T_CADENA  shift 61
	'('  shift 80
	'{'  shift 62
	error  reduce 148
	THEN  reduce 148
	MENOR_IGUAL  reduce 148
	MAYOR_IGUAL  reduce 148
	DISTINTO  reduce 148
	'+'  reduce 148
	'-'  reduce 148
	'*'  reduce 148
	'/'  reduce 148
	')'  reduce 148
	';'  reduce 148
	','  reduce 148
	'<'  reduce 148
	'>'  reduce 148
	'='  reduce 148


state 39
	expresion : T_CTE .  (147)

	.  reduce 147


state 40
	unaria : '-' . T_CTE  (153)

	T_CTE  shift 81
	.  error


state 41
	if_statement : IF '(' . condicion ')' bloque_THEN END_IF ';'  (49)
	if_statement : IF '(' . condicion ')' bloque_THEN_CON_ELSE bloque_ELSE END_IF ';'  (50)
	if_statement : IF '(' . condicion ')' bloque_THEN_CON_ELSE repeat_sentencia END_IF ';'  (51)
	if_statement : IF '(' . condicion ')' bloque_THEN END_IF  (52)
	if_statement : IF '(' . condicion ')' bloque_THEN_CON_ELSE bloque_ELSE END_IF  (53)
	if_statement : IF '(' . ')' bloque_THEN END_IF ';'  (54)
	if_statement : IF '(' . ')' bloque_THEN_CON_ELSE bloque_ELSE END_IF ';'  (55)
	if_statement : IF '(' . condicion ')' repeat_sentencia END_IF ';'  (56)
	if_statement : IF '(' . condicion ')' repeat_sentencia bloque_ELSE END_IF ';'  (57)
	if_statement : IF '(' . condicion ')' signo_THEN END_IF ';'  (58)
	if_statement : IF '(' . condicion ')' signo_THEN signo_ELSE END_IF ';'  (59)
	if_statement : IF '(' . condicion ')' bloque_THEN error ';'  (62)
	if_statement : IF '(' . condicion ')' bloque_THEN_CON_ELSE bloque_ELSE error ';'  (63)

	error  shift 34
	MENOR_IGUAL  shift 35
	MAYOR_IGUAL  shift 36
	DISTINTO  shift 37
	T_ID  shift 38
	T_CTE  shift 39
	'-'  shift 40
	')'  shift 82
	'<'  shift 42
	'>'  shift 43
	'='  shift 44
	.  error

	expresion  goto 45
	condicion  goto 83
	comparador  goto 47
	acceso_par  goto 48
	invocacion_funcion  goto 49
	unaria  goto 50


state 42
	comparador : '<' .  (109)

	.  reduce 109


state 43
	comparador : '>' .  (110)

	.  reduce 110


state 44
	comparador : '=' .  (108)

	.  reduce 108


state 45
	condicion : expresion . comparador expresion  (101)
	condicion : expresion . error expresion  (102)
	condicion : expresion . comparador  (103)
	expresion : expresion . '+' expresion  (143)
	expresion : expresion . '-' expresion  (144)
	expresion : expresion . '*' expresion  (145)
	expresion : expresion . '/' expresion  (146)

	error  shift 84
	MENOR_IGUAL  shift 35
	MAYOR_IGUAL  shift 36
	DISTINTO  shift 37
	'+'  shift 85
	'-'  shift 86
	'*'  shift 87
	'/'  shift 88
	'<'  shift 42
	'>'  shift 43
	'='  shift 44
	.  error

	comparador  goto 89


state 46
	if_statement : IF condicion . bloque_THEN END_IF ';'  (60)
	if_statement : IF condicion . bloque_THEN_CON_ELSE bloque_ELSE END_IF ';'  (61)

	THEN  shift 90
	.  error

	signo_THEN  goto 91
	bloque_THEN  goto 92
	bloque_THEN_CON_ELSE  goto 93


state 47
	condicion : comparador . expresion  (104)

	error  shift 34
	T_ID  shift 38
	T_CTE  shift 39
	'-'  shift 40
	.  error

	expresion  goto 94
	acceso_par  goto 48
	invocacion_funcion  goto 49
	unaria  goto 50


state 48
	expresion : acceso_par .  (149)

	.  reduce 149


state 49
	expresion : invocacion_funcion .  (150)

	.  reduce 150


state 50
	expresion : unaria .  (151)

	.  reduce 151


state 51
	salida : OUTF '(' . T_CADENA ')' ';'  (71)
	salida : OUTF '(' . expresion ')' ';'  (72)
	salida : OUTF '(' . expresion ')'  (73)
	salida : OUTF '(' . T_CADENA ')'  (74)
	salida : OUTF '(' . sentencia ')' ';'  (75)
	salida : OUTF '(' . ')' ';'  (76)

	error  shift 34
	IF  shift 6
	OUTF  shift 8
	TYPEDEF  shift 9
	RET  shift 10
	REPEAT  shift 11
	GOTO  shift 12
	LONGINT  shift 13
	DOUBLE  shift 14
	T_CADENA  shift 95
	T_ID  shift 96
	T_CTE  shift 97
	T_ETIQUETA  shift 17
	'-'  shift 40
	')'  shift 98
	.  error

	sentencia  goto 99
	declaracion  goto 20
	asignacion  goto 21
	if_statement  goto 22
	repeat_while_statement  goto 23
	salida  goto 24
	declaracion_funcion  goto 25
	goto_statement  goto 26
	sentencia_declarativa_tipos  goto 27
	expresion  goto 100
	tipo  goto 28
	encabezado_funcion  goto 29
	inicio_while  goto 30
	IDENTIFIER_LIST  goto 31
	acceso_par  goto 101
	invocacion_funcion  goto 49
	unaria  goto 50


state 52
	sentencia_declarativa_tipos : TYPEDEF PAIR . '<' LONGINT '>' T_ID ';'  (78)
	sentencia_declarativa_tipos : TYPEDEF PAIR . '<' DOUBLE '>' T_ID ';'  (79)
	sentencia_declarativa_tipos : TYPEDEF PAIR . '<' '>' T_ID ';'  (80)
	sentencia_declarativa_tipos : TYPEDEF PAIR . DOUBLE T_ID ';'  (81)
	sentencia_declarativa_tipos : TYPEDEF PAIR . LONGINT T_ID ';'  (82)
	sentencia_declarativa_tipos : TYPEDEF PAIR . '<' T_ID '>' T_ID ';'  (84)
	sentencia_declarativa_tipos : TYPEDEF PAIR . '<' LONGINT '>' T_ID  (85)
	sentencia_declarativa_tipos : TYPEDEF PAIR . '<' DOUBLE '>' T_ID  (86)
	sentencia_declarativa_tipos : TYPEDEF PAIR . '<' LONGINT '>' ';'  (89)
	sentencia_declarativa_tipos : TYPEDEF PAIR . '<' DOUBLE '>' ';'  (90)

	LONGINT  shift 102
	DOUBLE  shift 103
	'<'  shift 104
	.  error


state 53
	sentencia_declarativa_tipos : TYPEDEF T_ASIGNACION . tipo subrango ';'  (91)

	LONGINT  shift 13
	DOUBLE  shift 14
	T_ID  shift 105
	.  error

	tipo  goto 106


state 54
	sentencia_declarativa_tipos : TYPEDEF T_ID . T_ASIGNACION tipo subrango ';'  (77)
	sentencia_declarativa_tipos : TYPEDEF T_ID . T_ASIGNACION tipo subrango  (83)
	sentencia_declarativa_tipos : TYPEDEF T_ID . T_ASIGNACION subrango ';'  (92)
	sentencia_declarativa_tipos : TYPEDEF T_ID . T_ASIGNACION tipo ';'  (93)
	sentencia_declarativa_tipos : TYPEDEF T_ID . tipo subrango ';'  (94)

	LONGINT  shift 13
	DOUBLE  shift 14
	T_ASIGNACION  shift 107
	T_ID  shift 105
	.  error

	tipo  goto 108


state 55
	sentencia_declarativa_tipos : TYPEDEF '<' . LONGINT '>' T_ID ';'  (87)
	sentencia_declarativa_tipos : TYPEDEF '<' . DOUBLE '>' T_ID ';'  (88)

	LONGINT  shift 109
	DOUBLE  shift 110
	.  error


state 56
	sentencia : RET '(' . expresion ')' ';'  (18)
	sentencia : RET '(' . expresion ')'  (19)
	sentencia : RET '(' . ')' ';'  (20)

	error  shift 34
	T_ID  shift 38
	T_CTE  shift 39
	'-'  shift 40
	')'  shift 111
	.  error

	expresion  goto 112
	acceso_par  goto 48
	invocacion_funcion  goto 49
	unaria  goto 50


state 57
	goto_statement : GOTO error .  (131)

	.  reduce 131


state 58
	goto_statement : GOTO T_ETIQUETA . ';'  (128)
	goto_statement : GOTO T_ETIQUETA .  (130)

	';'  shift 113
	error  reduce 130
	IF  reduce 130
	ELSE  reduce 130
	BEGIN  reduce 130
	END  reduce 130
	END_IF  reduce 130
	OUTF  reduce 130
	TYPEDEF  reduce 130
	RET  reduce 130
	REPEAT  reduce 130
	WHILE  reduce 130
	GOTO  reduce 130
	LONGINT  reduce 130
	DOUBLE  reduce 130
	T_ID  reduce 130
	T_CTE  reduce 130
	T_ETIQUETA  reduce 130
	')'  reduce 130


state 59
	goto_statement : GOTO ';' .  (129)

	.  reduce 129


state 60
	IDENTIFIER_LIST : T_ID error . acceso_par  (121)

	T_ID  shift 114
	.  error

	acceso_par  goto 115


state 61
	acceso_par : T_ID T_CADENA .  (127)

	.  reduce 127


state 62
	acceso_par : T_ID '{' . T_CTE '}'  (125)
	acceso_par : T_ID '{' . '}'  (126)

	T_CTE  shift 116
	'}'  shift 117
	.  error


state 63
	bloque_sentencias : BEGIN sentencias END .  (5)

	.  reduce 5


state 64
	sentencias : sentencias sentencia .  (8)

	.  reduce 8


state 65
	encabezado_funcion : tipo FUN .  (28)

	.  reduce 28


state 66
	lista_var : T_ID .  (25)
	nombre : T_ID .  (27)

	error  reduce 25
	T_ID  reduce 25
	'('  reduce 27
	';'  reduce 25
	','  reduce 25


state 67
	declaracion : tipo ';' .  (23)

	.  reduce 23


state 68
	declaracion_funcion : tipo nombre . '(' tipo T_ID ')' bloque_sentencias  (32)

	'('  shift 118
	.  error


state 69
	declaracion : tipo lista_var . ';'  (21)
	declaracion : tipo lista_var . error  (22)
	lista_var : lista_var . ',' T_ID  (24)
	lista_var : lista_var . T_ID  (26)

	error  shift 119
	T_ID  shift 120
	';'  shift 121
	','  shift 122
	.  error


state 70
	nombre : T_ID .  (27)

	.  reduce 27


state 71
	declaracion_funcion : encabezado_funcion '(' . tipo T_ID ')' bloque_sentencias  (33)

	LONGINT  shift 13
	DOUBLE  shift 14
	T_ID  shift 105
	.  error

	tipo  goto 123


state 72
	declaracion_funcion : encabezado_funcion nombre . '(' parametro ')' bloque_sentencias  (29)
	declaracion_funcion : encabezado_funcion nombre . '(' parametros_error ')' bloque_sentencias  (30)
	declaracion_funcion : encabezado_funcion nombre . '(' tipo ')' bloque_sentencias  (31)
	declaracion_funcion : encabezado_funcion nombre . '(' parametro ')' bloque_sentencias ';'  (34)

	'('  shift 124
	.  error


state 73
	repeat_while_statement : inicio_while WHILE . '(' condicion ')'  (67)

	'('  shift 125
	.  error


state 74
	repeat_sentencia : bloque_sentencias .  (39)

	.  reduce 39


state 75
	repeat_sentencia : sentencia .  (40)

	.  reduce 40


state 76
	repeat_while_statement : inicio_while repeat_sentencia . WHILE '(' condicion ')' ';'  (65)
	repeat_while_statement : inicio_while repeat_sentencia . WHILE '(' condicion ')'  (66)
	repeat_while_statement : inicio_while repeat_sentencia . WHILE '(' ')' ';'  (68)
	repeat_while_statement : inicio_while repeat_sentencia . WHILE condicion ';'  (69)
	repeat_while_statement : inicio_while repeat_sentencia . error '(' condicion ')' ';'  (70)

	error  shift 126
	WHILE  shift 127
	.  error


state 77
	asignacion : IDENTIFIER_LIST T_ASIGNACION . expresion_list error  (111)
	asignacion : IDENTIFIER_LIST T_ASIGNACION . expresion_list ';'  (112)
	asignacion : IDENTIFIER_LIST T_ASIGNACION . ';'  (113)

	error  shift 34
	T_ID  shift 38
	T_CTE  shift 39
	'-'  shift 40
	';'  shift 128
	.  error

	expresion  goto 129
	expresion_list  goto 130
	acceso_par  goto 48
	invocacion_funcion  goto 49
	unaria  goto 50


state 78
	IDENTIFIER_LIST : IDENTIFIER_LIST ',' . T_ID  (116)
	IDENTIFIER_LIST : IDENTIFIER_LIST ',' . acceso_par  (117)
	IDENTIFIER_LIST : IDENTIFIER_LIST ',' . T_CTE  (124)

	T_ID  shift 131
	T_CTE  shift 132
	.  error

	acceso_par  goto 133


state 79
	IDENTIFIER_LIST : acceso_par error . acceso_par  (120)
	IDENTIFIER_LIST : acceso_par error . T_ID  (122)

	T_ID  shift 134
	.  error

	acceso_par  goto 135


state 80
	invocacion_funcion : T_ID '(' . parametro_real ')'  (132)
	invocacion_funcion : T_ID '(' . error ')'  (133)

	error  shift 136
	T_ID  shift 137
	T_CTE  shift 138
	'-'  shift 40
	.  error

	acceso_par  goto 139
	parametro_real  goto 140
	expresion_aritmetica  goto 141
	unaria  goto 142


state 81
	unaria : '-' T_CTE .  (153)

	.  reduce 153


state 82
	if_statement : IF '(' ')' . bloque_THEN END_IF ';'  (54)
	if_statement : IF '(' ')' . bloque_THEN_CON_ELSE bloque_ELSE END_IF ';'  (55)

	THEN  shift 90
	.  error

	signo_THEN  goto 91
	bloque_THEN  goto 143
	bloque_THEN_CON_ELSE  goto 144


state 83
	if_statement : IF '(' condicion . ')' bloque_THEN END_IF ';'  (49)
	if_statement : IF '(' condicion . ')' bloque_THEN_CON_ELSE bloque_ELSE END_IF ';'  (50)
	if_statement : IF '(' condicion . ')' bloque_THEN_CON_ELSE repeat_sentencia END_IF ';'  (51)
	if_statement : IF '(' condicion . ')' bloque_THEN END_IF  (52)
	if_statement : IF '(' condicion . ')' bloque_THEN_CON_ELSE bloque_ELSE END_IF  (53)
	if_statement : IF '(' condicion . ')' repeat_sentencia END_IF ';'  (56)
	if_statement : IF '(' condicion . ')' repeat_sentencia bloque_ELSE END_IF ';'  (57)
	if_statement : IF '(' condicion . ')' signo_THEN END_IF ';'  (58)
	if_statement : IF '(' condicion . ')' signo_THEN signo_ELSE END_IF ';'  (59)
	if_statement : IF '(' condicion . ')' bloque_THEN error ';'  (62)
	if_statement : IF '(' condicion . ')' bloque_THEN_CON_ELSE bloque_ELSE error ';'  (63)

	')'  shift 145
	.  error


state 84
	condicion : expresion error . expresion  (102)

	error  shift 34
	T_ID  shift 38
	T_CTE  shift 39
	'-'  shift 40
	.  error

	expresion  goto 146
	acceso_par  goto 48
	invocacion_funcion  goto 49
	unaria  goto 50


state 85
	expresion : expresion '+' . expresion  (143)

	error  shift 34
	T_ID  shift 38
	T_CTE  shift 39
	'-'  shift 40
	.  error

	expresion  goto 147
	acceso_par  goto 48
	invocacion_funcion  goto 49
	unaria  goto 50


state 86
	expresion : expresion '-' . expresion  (144)

	error  shift 34
	T_ID  shift 38
	T_CTE  shift 39
	'-'  shift 40
	.  error

	expresion  goto 148
	acceso_par  goto 48
	invocacion_funcion  goto 49
	unaria  goto 50


state 87
	expresion : expresion '*' . expresion  (145)

	error  shift 34
	T_ID  shift 38
	T_CTE  shift 39
	'-'  shift 40
	.  error

	expresion  goto 149
	acceso_par  goto 48
	invocacion_funcion  goto 49
	unaria  goto 50


state 88
	expresion : expresion '/' . expresion  (146)

	error  shift 34
	T_ID  shift 38
	T_CTE  shift 39
	'-'  shift 40
	.  error

	expresion  goto 150
	acceso_par  goto 48
	invocacion_funcion  goto 49
	unaria  goto 50


state 89
	condicion : expresion comparador . expresion  (101)
	condicion : expresion comparador .  (103)

	error  shift 34
	T_ID  shift 38
	T_CTE  shift 39
	'-'  shift 40
	THEN  reduce 103
	')'  reduce 103
	';'  reduce 103

	expresion  goto 151
	acceso_par  goto 48
	invocacion_funcion  goto 49
	unaria  goto 50


state 90
	signo_THEN : THEN .  (44)

	.  reduce 44


state 91
	bloque_THEN : signo_THEN . repeat_sentencia  (46)
	bloque_THEN_CON_ELSE : signo_THEN . repeat_sentencia  (47)

	IF  shift 6
	BEGIN  shift 1
	OUTF  shift 8
	TYPEDEF  shift 9
	RET  shift 10
	REPEAT  shift 11
	GOTO  shift 12
	LONGINT  shift 13
	DOUBLE  shift 14
	T_ID  shift 15
	T_CTE  shift 16
	T_ETIQUETA  shift 17
	.  error

	bloque_sentencias  goto 74
	sentencia  goto 75
	declaracion  goto 20
	asignacion  goto 21
	if_statement  goto 22
	repeat_while_statement  goto 23
	salida  goto 24
	declaracion_funcion  goto 25
	goto_statement  goto 26
	sentencia_declarativa_tipos  goto 27
	tipo  goto 28
	encabezado_funcion  goto 29
	repeat_sentencia  goto 152
	inicio_while  goto 30
	IDENTIFIER_LIST  goto 31
	acceso_par  goto 32


state 92
	if_statement : IF condicion bloque_THEN . END_IF ';'  (60)

	END_IF  shift 153
	.  error


state 93
	if_statement : IF condicion bloque_THEN_CON_ELSE . bloque_ELSE END_IF ';'  (61)

	ELSE  shift 154
	.  error

	signo_ELSE  goto 155
	bloque_ELSE  goto 156


state 94
	condicion : comparador expresion .  (104)
	expresion : expresion . '+' expresion  (143)
	expresion : expresion . '-' expresion  (144)
	expresion : expresion . '*' expresion  (145)
	expresion : expresion . '/' expresion  (146)

	'+'  shift 85
	'-'  shift 86
	'*'  shift 87
	'/'  shift 88
	THEN  reduce 104
	')'  reduce 104
	';'  reduce 104


state 95
	salida : OUTF '(' T_CADENA . ')' ';'  (71)
	salida : OUTF '(' T_CADENA . ')'  (74)

	')'  shift 157
	.  error


state 96
	tipo : T_ID .  (43)
	IDENTIFIER_LIST : T_ID .  (118)
	IDENTIFIER_LIST : T_ID . error acceso_par  (121)
	acceso_par : T_ID . '{' T_CTE '}'  (125)
	acceso_par : T_ID . '{' '}'  (126)
	acceso_par : T_ID . T_CADENA  (127)
	invocacion_funcion : T_ID . '(' parametro_real ')'  (132)
	invocacion_funcion : T_ID . '(' error ')'  (133)
	expresion : T_ID .  (148)

	error  shift 60
	T_CADENA  shift 61
	'('  shift 80
	'{'  shift 62
	FUN  reduce 43
	T_ASIGNACION  reduce 118
	T_ID  reduce 43
	'+'  reduce 148
	'-'  reduce 148
	'*'  reduce 148
	'/'  reduce 148
	')'  reduce 148
	';'  reduce 43
	','  reduce 118


state 97
	IDENTIFIER_LIST : T_CTE .  (123)
	expresion : T_CTE .  (147)

	T_ASIGNACION  reduce 123
	'+'  reduce 147
	'-'  reduce 147
	'*'  reduce 147
	'/'  reduce 147
	')'  reduce 147
	','  reduce 123


state 98
	salida : OUTF '(' ')' . ';'  (76)

	';'  shift 158
	.  error


state 99
	salida : OUTF '(' sentencia . ')' ';'  (75)

	')'  shift 159
	.  error


state 100
	salida : OUTF '(' expresion . ')' ';'  (72)
	salida : OUTF '(' expresion . ')'  (73)
	expresion : expresion . '+' expresion  (143)
	expresion : expresion . '-' expresion  (144)
	expresion : expresion . '*' expresion  (145)
	expresion : expresion . '/' expresion  (146)

	'+'  shift 85
	'-'  shift 86
	'*'  shift 87
	'/'  shift 88
	')'  shift 160
	.  error


state 101
	IDENTIFIER_LIST : acceso_par .  (119)
	IDENTIFIER_LIST : acceso_par . error acceso_par  (120)
	IDENTIFIER_LIST : acceso_par . error T_ID  (122)
	expresion : acceso_par .  (149)

	error  shift 79
	T_ASIGNACION  reduce 119
	'+'  reduce 149
	'-'  reduce 149
	'*'  reduce 149
	'/'  reduce 149
	')'  reduce 149
	','  reduce 119


state 102
	sentencia_declarativa_tipos : TYPEDEF PAIR LONGINT . T_ID ';'  (82)

	T_ID  shift 161
	.  error


state 103
	sentencia_declarativa_tipos : TYPEDEF PAIR DOUBLE . T_ID ';'  (81)

	T_ID  shift 162
	.  error


state 104
	sentencia_declarativa_tipos : TYPEDEF PAIR '<' . LONGINT '>' T_ID ';'  (78)
	sentencia_declarativa_tipos : TYPEDEF PAIR '<' . DOUBLE '>' T_ID ';'  (79)
	sentencia_declarativa_tipos : TYPEDEF PAIR '<' . '>' T_ID ';'  (80)
	sentencia_declarativa_tipos : TYPEDEF PAIR '<' . T_ID '>' T_ID ';'  (84)
	sentencia_declarativa_tipos : TYPEDEF PAIR '<' . LONGINT '>' T_ID  (85)
	sentencia_declarativa_tipos : TYPEDEF PAIR '<' . DOUBLE '>' T_ID  (86)
	sentencia_declarativa_tipos : TYPEDEF PAIR '<' . LONGINT '>' ';'  (89)
	sentencia_declarativa_tipos : TYPEDEF PAIR '<' . DOUBLE '>' ';'  (90)

	LONGINT  shift 163
	DOUBLE  shift 164
	T_ID  shift 165
	'>'  shift 166
	.  error


state 105
	tipo : T_ID .  (43)

	.  reduce 43


state 106
	sentencia_declarativa_tipos : TYPEDEF T_ASIGNACION tipo . subrango ';'  (91)

	error  shift 167
	'{'  shift 168
	.  error

	subrango  goto 169


state 107
	sentencia_declarativa_tipos : TYPEDEF T_ID T_ASIGNACION . tipo subrango ';'  (77)
	sentencia_declarativa_tipos : TYPEDEF T_ID T_ASIGNACION . tipo subrango  (83)
	sentencia_declarativa_tipos : TYPEDEF T_ID T_ASIGNACION . subrango ';'  (92)
	sentencia_declarativa_tipos : TYPEDEF T_ID T_ASIGNACION . tipo ';'  (93)

	error  shift 167
	LONGINT  shift 13
	DOUBLE  shift 14
	T_ID  shift 105
	'{'  shift 168
	.  error

	tipo  goto 170
	subrango  goto 171


state 108
	sentencia_declarativa_tipos : TYPEDEF T_ID tipo . subrango ';'  (94)

	error  shift 167
	'{'  shift 168
	.  error

	subrango  goto 172


state 109
	sentencia_declarativa_tipos : TYPEDEF '<' LONGINT . '>' T_ID ';'  (87)

	'>'  shift 173
	.  error


state 110
	sentencia_declarativa_tipos : TYPEDEF '<' DOUBLE . '>' T_ID ';'  (88)

	'>'  shift 174
	.  error


state 111
	sentencia : RET '(' ')' . ';'  (20)

	';'  shift 175
	.  error


state 112
	sentencia : RET '(' expresion . ')' ';'  (18)
	sentencia : RET '(' expresion . ')'  (19)
	expresion : expresion . '+' expresion  (143)
	expresion : expresion . '-' expresion  (144)
	expresion : expresion . '*' expresion  (145)
	expresion : expresion . '/' expresion  (146)

	'+'  shift 85
	'-'  shift 86
	'*'  shift 87
	'/'  shift 88
	')'  shift 176
	.  error


state 113
	goto_statement : GOTO T_ETIQUETA ';' .  (128)

	.  reduce 128


state 114
	acceso_par : T_ID . '{' T_CTE '}'  (125)
	acceso_par : T_ID . '{' '}'  (126)
	acceso_par : T_ID . T_CADENA  (127)

	T_CADENA  shift 61
	'{'  shift 62
	.  error


state 115
	IDENTIFIER_LIST : T_ID error acceso_par .  (121)

	.  reduce 121


state 116
	acceso_par : T_ID '{' T_CTE . '}'  (125)

	'}'  shift 177
	.  error


state 117
	acceso_par : T_ID '{' '}' .  (126)

	.  reduce 126


state 118
	declaracion_funcion : tipo nombre '(' . tipo T_ID ')' bloque_sentencias  (32)

	LONGINT  shift 13
	DOUBLE  shift 14
	T_ID  shift 105
	.  error

	tipo  goto 178


state 119
	declaracion : tipo lista_var error .  (22)

	.  reduce 22


state 120
	lista_var : lista_var T_ID .  (26)

	.  reduce 26


state 121
	declaracion : tipo lista_var ';' .  (21)

	.  reduce 21


state 122
	lista_var : lista_var ',' . T_ID  (24)

	T_ID  shift 179
	.  error


state 123
	declaracion_funcion : encabezado_funcion '(' tipo . T_ID ')' bloque_sentencias  (33)

	T_ID  shift 180
	.  error


state 124
	declaracion_funcion : encabezado_funcion nombre '(' . parametro ')' bloque_sentencias  (29)
	declaracion_funcion : encabezado_funcion nombre '(' . parametros_error ')' bloque_sentencias  (30)
	declaracion_funcion : encabezado_funcion nombre '(' . tipo ')' bloque_sentencias  (31)
	declaracion_funcion : encabezado_funcion nombre '(' . parametro ')' bloque_sentencias ';'  (34)
	parametros_error : .  (38)

	LONGINT  shift 13
	DOUBLE  shift 14
	T_ID  shift 105
	')'  reduce 38
	','  reduce 38

	tipo  goto 181
	parametro  goto 182
	parametros_error  goto 183


state 125
	repeat_while_statement : inicio_while WHILE '(' . condicion ')'  (67)

	error  shift 34
	MENOR_IGUAL  shift 35
	MAYOR_IGUAL  shift 36
	DISTINTO  shift 37
	T_ID  shift 38
	T_CTE  shift 39
	'-'  shift 40
	'<'  shift 42
	'>'  shift 43
	'='  shift 44
	.  error

	expresion  goto 45
	condicion  goto 184
	comparador  goto 47
	acceso_par  goto 48
	invocacion_funcion  goto 49
	unaria  goto 50


state 126
	repeat_while_statement : inicio_while repeat_sentencia error . '(' condicion ')' ';'  (70)

	'('  shift 185
	.  error


state 127
	repeat_while_statement : inicio_while repeat_sentencia WHILE . '(' condicion ')' ';'  (65)
	repeat_while_statement : inicio_while repeat_sentencia WHILE . '(' condicion ')'  (66)
	repeat_while_statement : inicio_while repeat_sentencia WHILE . '(' ')' ';'  (68)
	repeat_while_statement : inicio_while repeat_sentencia WHILE . condicion ';'  (69)

	error  shift 34
	MENOR_IGUAL  shift 35
	MAYOR_IGUAL  shift 36
	DISTINTO  shift 37
	T_ID  shift 38
	T_CTE  shift 39
	'-'  shift 40
	'('  shift 186
	'<'  shift 42
	'>'  shift 43
	'='  shift 44
	.  error

	expresion  goto 45
	condicion  goto 187
	comparador  goto 47
	acceso_par  goto 48
	invocacion_funcion  goto 49
	unaria  goto 50


state 128
	asignacion : IDENTIFIER_LIST T_ASIGNACION ';' .  (113)

	.  reduce 113


state 129
	expresion_list : expresion .  (114)
	expresion : expresion . '+' expresion  (143)
	expresion : expresion . '-' expresion  (144)
	expresion : expresion . '*' expresion  (145)
	expresion : expresion . '/' expresion  (146)

	'+'  shift 85
	'-'  shift 86
	'*'  shift 87
	'/'  shift 88
	error  reduce 114
	';'  reduce 114
	','  reduce 114


state 130
	asignacion : IDENTIFIER_LIST T_ASIGNACION expresion_list . error  (111)
	asignacion : IDENTIFIER_LIST T_ASIGNACION expresion_list . ';'  (112)
	expresion_list : expresion_list . ',' expresion  (115)

	error  shift 188
	';'  shift 189
	','  shift 190
	.  error


state 131
	IDENTIFIER_LIST : IDENTIFIER_LIST ',' T_ID .  (116)
	acceso_par : T_ID . '{' T_CTE '}'  (125)
	acceso_par : T_ID . '{' '}'  (126)
	acceso_par : T_ID . T_CADENA  (127)

	T_CADENA  shift 61
	'{'  shift 62
	T_ASIGNACION  reduce 116
	','  reduce 116


state 132
	IDENTIFIER_LIST : IDENTIFIER_LIST ',' T_CTE .  (124)

	.  reduce 124


state 133
	IDENTIFIER_LIST : IDENTIFIER_LIST ',' acceso_par .  (117)

	.  reduce 117


state 134
	IDENTIFIER_LIST : acceso_par error T_ID .  (122)
	acceso_par : T_ID . '{' T_CTE '}'  (125)
	acceso_par : T_ID . '{' '}'  (126)
	acceso_par : T_ID . T_CADENA  (127)

	T_CADENA  shift 61
	'{'  shift 62
	T_ASIGNACION  reduce 122
	','  reduce 122


state 135
	IDENTIFIER_LIST : acceso_par error acceso_par .  (120)

	.  reduce 120


state 136
	invocacion_funcion : T_ID '(' error . ')'  (133)

	')'  shift 191
	.  error


state 137
	acceso_par : T_ID . '{' T_CTE '}'  (125)
	acceso_par : T_ID . '{' '}'  (126)
	acceso_par : T_ID . T_CADENA  (127)
	expresion_aritmetica : T_ID .  (140)

	T_CADENA  shift 61
	'{'  shift 62
	'+'  reduce 140
	'-'  reduce 140
	'*'  reduce 140
	'/'  reduce 140
	')'  reduce 140


state 138
	expresion_aritmetica : T_CTE .  (139)

	.  reduce 139


state 139
	expresion_aritmetica : acceso_par .  (141)

	.  reduce 141


state 140
	invocacion_funcion : T_ID '(' parametro_real . ')'  (132)

	')'  shift 192
	.  error


state 141
	parametro_real : expresion_aritmetica .  (134)
	expresion_aritmetica : expresion_aritmetica . '+' expresion_aritmetica  (135)
	expresion_aritmetica : expresion_aritmetica . '-' expresion_aritmetica  (136)
	expresion_aritmetica : expresion_aritmetica . '*' expresion_aritmetica  (137)
	expresion_aritmetica : expresion_aritmetica . '/' expresion_aritmetica  (138)

	'+'  shift 193
	'-'  shift 194
	'*'  shift 195
	'/'  shift 196
	')'  reduce 134


state 142
	expresion_aritmetica : unaria .  (142)

	.  reduce 142


state 143
	if_statement : IF '(' ')' bloque_THEN . END_IF ';'  (54)

	END_IF  shift 197
	.  error


state 144
	if_statement : IF '(' ')' bloque_THEN_CON_ELSE . bloque_ELSE END_IF ';'  (55)

	ELSE  shift 154
	.  error

	signo_ELSE  goto 155
	bloque_ELSE  goto 198


state 145
	if_statement : IF '(' condicion ')' . bloque_THEN END_IF ';'  (49)
	if_statement : IF '(' condicion ')' . bloque_THEN_CON_ELSE bloque_ELSE END_IF ';'  (50)
	if_statement : IF '(' condicion ')' . bloque_THEN_CON_ELSE repeat_sentencia END_IF ';'  (51)
	if_statement : IF '(' condicion ')' . bloque_THEN END_IF  (52)
	if_statement : IF '(' condicion ')' . bloque_THEN_CON_ELSE bloque_ELSE END_IF  (53)
	if_statement : IF '(' condicion ')' . repeat_sentencia END_IF ';'  (56)
	if_statement : IF '(' condicion ')' . repeat_sentencia bloque_ELSE END_IF ';'  (57)
	if_statement : IF '(' condicion ')' . signo_THEN END_IF ';'  (58)
	if_statement : IF '(' condicion ')' . signo_THEN signo_ELSE END_IF ';'  (59)
	if_statement : IF '(' condicion ')' . bloque_THEN error ';'  (62)
	if_statement : IF '(' condicion ')' . bloque_THEN_CON_ELSE bloque_ELSE error ';'  (63)

	IF  shift 6
	THEN  shift 90
	BEGIN  shift 1
	OUTF  shift 8
	TYPEDEF  shift 9
	RET  shift 10
	REPEAT  shift 11
	GOTO  shift 12
	LONGINT  shift 13
	DOUBLE  shift 14
	T_ID  shift 15
	T_CTE  shift 16
	T_ETIQUETA  shift 17
	.  error

	bloque_sentencias  goto 74
	sentencia  goto 75
	declaracion  goto 20
	asignacion  goto 21
	if_statement  goto 22
	repeat_while_statement  goto 23
	salida  goto 24
	declaracion_funcion  goto 25
	goto_statement  goto 26
	sentencia_declarativa_tipos  goto 27
	tipo  goto 28
	encabezado_funcion  goto 29
	repeat_sentencia  goto 199
	signo_THEN  goto 200
	bloque_THEN  goto 201
	bloque_THEN_CON_ELSE  goto 202
	inicio_while  goto 30
	IDENTIFIER_LIST  goto 31
	acceso_par  goto 32


state 146
	condicion : expresion error expresion .  (102)
	expresion : expresion . '+' expresion  (143)
	expresion : expresion . '-' expresion  (144)
	expresion : expresion . '*' expresion  (145)
	expresion : expresion . '/' expresion  (146)

	'+'  shift 85
	'-'  shift 86
	'*'  shift 87
	'/'  shift 88
	THEN  reduce 102
	')'  reduce 102
	';'  reduce 102


state 147
	expresion : expresion . '+' expresion  (143)
	expresion : expresion '+' expresion .  (143)
	expresion : expresion . '-' expresion  (144)
	expresion : expresion . '*' expresion  (145)
	expresion : expresion . '/' expresion  (146)

	'*'  shift 87
	'/'  shift 88
	error  reduce 143
	THEN  reduce 143
	MENOR_IGUAL  reduce 143
	MAYOR_IGUAL  reduce 143
	DISTINTO  reduce 143
	'+'  reduce 143
	'-'  reduce 143
	')'  reduce 143
	';'  reduce 143
	','  reduce 143
	'<'  reduce 143
	'>'  reduce 143
	'='  reduce 143


state 148
	expresion : expresion . '+' expresion  (143)
	expresion : expresion . '-' expresion  (144)
	expresion : expresion '-' expresion .  (144)
	expresion : expresion . '*' expresion  (145)
	expresion : expresion . '/' expresion  (146)

	'*'  shift 87
	'/'  shift 88
	error  reduce 144
	THEN  reduce 144
	MENOR_IGUAL  reduce 144
	MAYOR_IGUAL  reduce 144
	DISTINTO  reduce 144
	'+'  reduce 144
	'-'  reduce 144
	')'  reduce 144
	';'  reduce 144
	','  reduce 144
	'<'  reduce 144
	'>'  reduce 144
	'='  reduce 144


state 149
	expresion : expresion . '+' expresion  (143)
	expresion : expresion . '-' expresion  (144)
	expresion : expresion . '*' expresion  (145)
	expresion : expresion '*' expresion .  (145)
	expresion : expresion . '/' expresion  (146)

	.  reduce 145


state 150
	expresion : expresion . '+' expresion  (143)
	expresion : expresion . '-' expresion  (144)
	expresion : expresion . '*' expresion  (145)
	expresion : expresion . '/' expresion  (146)
	expresion : expresion '/' expresion .  (146)

	.  reduce 146


state 151
	condicion : expresion comparador expresion .  (101)
	expresion : expresion . '+' expresion  (143)
	expresion : expresion . '-' expresion  (144)
	expresion : expresion . '*' expresion  (145)
	expresion : expresion . '/' expresion  (146)

	'+'  shift 85
	'-'  shift 86
	'*'  shift 87
	'/'  shift 88
	THEN  reduce 101
	')'  reduce 101
	';'  reduce 101


state 152
	bloque_THEN : signo_THEN repeat_sentencia .  (46)
	bloque_THEN_CON_ELSE : signo_THEN repeat_sentencia .  (47)

	error  reduce 46
	IF  reduce 47
	ELSE  reduce 47
	BEGIN  reduce 47
	END_IF  reduce 46
	OUTF  reduce 47
	TYPEDEF  reduce 47
	RET  reduce 47
	REPEAT  reduce 47
	GOTO  reduce 47
	LONGINT  reduce 47
	DOUBLE  reduce 47
	T_ID  reduce 47
	T_CTE  reduce 47
	T_ETIQUETA  reduce 47


state 153
	if_statement : IF condicion bloque_THEN END_IF . ';'  (60)

	';'  shift 203
	.  error


state 154
	signo_ELSE : ELSE .  (45)

	.  reduce 45


state 155
	bloque_ELSE : signo_ELSE . repeat_sentencia  (48)

	IF  shift 6
	BEGIN  shift 1
	OUTF  shift 8
	TYPEDEF  shift 9
	RET  shift 10
	REPEAT  shift 11
	GOTO  shift 12
	LONGINT  shift 13
	DOUBLE  shift 14
	T_ID  shift 15
	T_CTE  shift 16
	T_ETIQUETA  shift 17
	.  error

	bloque_sentencias  goto 74
	sentencia  goto 75
	declaracion  goto 20
	asignacion  goto 21
	if_statement  goto 22
	repeat_while_statement  goto 23
	salida  goto 24
	declaracion_funcion  goto 25
	goto_statement  goto 26
	sentencia_declarativa_tipos  goto 27
	tipo  goto 28
	encabezado_funcion  goto 29
	repeat_sentencia  goto 204
	inicio_while  goto 30
	IDENTIFIER_LIST  goto 31
	acceso_par  goto 32


state 156
	if_statement : IF condicion bloque_THEN_CON_ELSE bloque_ELSE . END_IF ';'  (61)

	END_IF  shift 205
	.  error


state 157
	salida : OUTF '(' T_CADENA ')' . ';'  (71)
	salida : OUTF '(' T_CADENA ')' .  (74)

	';'  shift 206
	error  reduce 74
	IF  reduce 74
	ELSE  reduce 74
	BEGIN  reduce 74
	END  reduce 74
	END_IF  reduce 74
	OUTF  reduce 74
	TYPEDEF  reduce 74
	RET  reduce 74
	REPEAT  reduce 74
	WHILE  reduce 74
	GOTO  reduce 74
	LONGINT  reduce 74
	DOUBLE  reduce 74
	T_ID  reduce 74
	T_CTE  reduce 74
	T_ETIQUETA  reduce 74
	')'  reduce 74


state 158
	salida : OUTF '(' ')' ';' .  (76)

	.  reduce 76


state 159
	salida : OUTF '(' sentencia ')' . ';'  (75)

	';'  shift 207
	.  error


state 160
	salida : OUTF '(' expresion ')' . ';'  (72)
	salida : OUTF '(' expresion ')' .  (73)

	';'  shift 208
	error  reduce 73
	IF  reduce 73
	ELSE  reduce 73
	BEGIN  reduce 73
	END  reduce 73
	END_IF  reduce 73
	OUTF  reduce 73
	TYPEDEF  reduce 73
	RET  reduce 73
	REPEAT  reduce 73
	WHILE  reduce 73
	GOTO  reduce 73
	LONGINT  reduce 73
	DOUBLE  reduce 73
	T_ID  reduce 73
	T_CTE  reduce 73
	T_ETIQUETA  reduce 73
	')'  reduce 73


state 161
	sentencia_declarativa_tipos : TYPEDEF PAIR LONGINT T_ID . ';'  (82)

	';'  shift 209
	.  error


state 162
	sentencia_declarativa_tipos : TYPEDEF PAIR DOUBLE T_ID . ';'  (81)

	';'  shift 210
	.  error


state 163
	sentencia_declarativa_tipos : TYPEDEF PAIR '<' LONGINT . '>' T_ID ';'  (78)
	sentencia_declarativa_tipos : TYPEDEF PAIR '<' LONGINT . '>' T_ID  (85)
	sentencia_declarativa_tipos : TYPEDEF PAIR '<' LONGINT . '>' ';'  (89)

	'>'  shift 211
	.  error


state 164
	sentencia_declarativa_tipos : TYPEDEF PAIR '<' DOUBLE . '>' T_ID ';'  (79)
	sentencia_declarativa_tipos : TYPEDEF PAIR '<' DOUBLE . '>' T_ID  (86)
	sentencia_declarativa_tipos : TYPEDEF PAIR '<' DOUBLE . '>' ';'  (90)

	'>'  shift 212
	.  error


state 165
	sentencia_declarativa_tipos : TYPEDEF PAIR '<' T_ID . '>' T_ID ';'  (84)

	'>'  shift 213
	.  error


state 166
	sentencia_declarativa_tipos : TYPEDEF PAIR '<' '>' . T_ID ';'  (80)

	T_ID  shift 214
	.  error


state 167
	subrango : error .  (100)

	.  reduce 100


state 168
	subrango : '{' . T_CTE ',' T_CTE '}'  (95)
	subrango : '{' . '-' T_CTE ',' T_CTE '}'  (96)
	subrango : '{' . T_CTE ',' '-' T_CTE '}'  (97)
	subrango : '{' . '-' T_CTE ',' '-' T_CTE '}'  (98)
	subrango : '{' . '}'  (99)

	T_CTE  shift 215
	'-'  shift 216
	'}'  shift 217
	.  error


state 169
	sentencia_declarativa_tipos : TYPEDEF T_ASIGNACION tipo subrango . ';'  (91)

	';'  shift 218
	.  error


state 170
	sentencia_declarativa_tipos : TYPEDEF T_ID T_ASIGNACION tipo . subrango ';'  (77)
	sentencia_declarativa_tipos : TYPEDEF T_ID T_ASIGNACION tipo . subrango  (83)
	sentencia_declarativa_tipos : TYPEDEF T_ID T_ASIGNACION tipo . ';'  (93)

	error  shift 167
	';'  shift 219
	'{'  shift 168
	.  error

	subrango  goto 220


state 171
	sentencia_declarativa_tipos : TYPEDEF T_ID T_ASIGNACION subrango . ';'  (92)

	';'  shift 221
	.  error


state 172
	sentencia_declarativa_tipos : TYPEDEF T_ID tipo subrango . ';'  (94)

	';'  shift 222
	.  error


state 173
	sentencia_declarativa_tipos : TYPEDEF '<' LONGINT '>' . T_ID ';'  (87)

	T_ID  shift 223
	.  error


state 174
	sentencia_declarativa_tipos : TYPEDEF '<' DOUBLE '>' . T_ID ';'  (88)

	T_ID  shift 224
	.  error


state 175
	sentencia : RET '(' ')' ';' .  (20)

	.  reduce 20


state 176
	sentencia : RET '(' expresion ')' . ';'  (18)
	sentencia : RET '(' expresion ')' .  (19)

	';'  shift 225
	error  reduce 19
	IF  reduce 19
	ELSE  reduce 19
	BEGIN  reduce 19
	END  reduce 19
	END_IF  reduce 19
	OUTF  reduce 19
	TYPEDEF  reduce 19
	RET  reduce 19
	REPEAT  reduce 19
	WHILE  reduce 19
	GOTO  reduce 19
	LONGINT  reduce 19
	DOUBLE  reduce 19
	T_ID  reduce 19
	T_CTE  reduce 19
	T_ETIQUETA  reduce 19
	')'  reduce 19


state 177
	acceso_par : T_ID '{' T_CTE '}' .  (125)

	.  reduce 125


state 178
	declaracion_funcion : tipo nombre '(' tipo . T_ID ')' bloque_sentencias  (32)

	T_ID  shift 226
	.  error


state 179
	lista_var : lista_var ',' T_ID .  (24)

	.  reduce 24


state 180
	declaracion_funcion : encabezado_funcion '(' tipo T_ID . ')' bloque_sentencias  (33)

	')'  shift 227
	.  error


state 181
	declaracion_funcion : encabezado_funcion nombre '(' tipo . ')' bloque_sentencias  (31)
	parametro : tipo . T_ID  (35)

	T_ID  shift 228
	')'  shift 229
	.  error


state 182
	declaracion_funcion : encabezado_funcion nombre '(' parametro . ')' bloque_sentencias  (29)
	declaracion_funcion : encabezado_funcion nombre '(' parametro . ')' bloque_sentencias ';'  (34)
	parametros_error : parametro . ',' parametro  (36)

	')'  shift 230
	','  shift 231
	.  error


state 183
	declaracion_funcion : encabezado_funcion nombre '(' parametros_error . ')' bloque_sentencias  (30)
	parametros_error : parametros_error . ',' parametro  (37)

	')'  shift 232
	','  shift 233
	.  error


state 184
	repeat_while_statement : inicio_while WHILE '(' condicion . ')'  (67)

	')'  shift 234
	.  error


state 185
	repeat_while_statement : inicio_while repeat_sentencia error '(' . condicion ')' ';'  (70)

	error  shift 34
	MENOR_IGUAL  shift 35
	MAYOR_IGUAL  shift 36
	DISTINTO  shift 37
	T_ID  shift 38
	T_CTE  shift 39
	'-'  shift 40
	'<'  shift 42
	'>'  shift 43
	'='  shift 44
	.  error

	expresion  goto 45
	condicion  goto 235
	comparador  goto 47
	acceso_par  goto 48
	invocacion_funcion  goto 49
	unaria  goto 50


state 186
	repeat_while_statement : inicio_while repeat_sentencia WHILE '(' . condicion ')' ';'  (65)
	repeat_while_statement : inicio_while repeat_sentencia WHILE '(' . condicion ')'  (66)
	repeat_while_statement : inicio_while repeat_sentencia WHILE '(' . ')' ';'  (68)

	error  shift 34
	MENOR_IGUAL  shift 35
	MAYOR_IGUAL  shift 36
	DISTINTO  shift 37
	T_ID  shift 38
	T_CTE  shift 39
	'-'  shift 40
	')'  shift 236
	'<'  shift 42
	'>'  shift 43
	'='  shift 44
	.  error

	expresion  goto 45
	condicion  goto 237
	comparador  goto 47
	acceso_par  goto 48
	invocacion_funcion  goto 49
	unaria  goto 50


state 187
	repeat_while_statement : inicio_while repeat_sentencia WHILE condicion . ';'  (69)

	';'  shift 238
	.  error


state 188
	asignacion : IDENTIFIER_LIST T_ASIGNACION expresion_list error .  (111)

	.  reduce 111


state 189
	asignacion : IDENTIFIER_LIST T_ASIGNACION expresion_list ';' .  (112)

	.  reduce 112


state 190
	expresion_list : expresion_list ',' . expresion  (115)

	error  shift 34
	T_ID  shift 38
	T_CTE  shift 39
	'-'  shift 40
	.  error

	expresion  goto 239
	acceso_par  goto 48
	invocacion_funcion  goto 49
	unaria  goto 50


state 191
	invocacion_funcion : T_ID '(' error ')' .  (133)

	.  reduce 133


state 192
	invocacion_funcion : T_ID '(' parametro_real ')' .  (132)

	.  reduce 132


state 193
	expresion_aritmetica : expresion_aritmetica '+' . expresion_aritmetica  (135)

	T_ID  shift 137
	T_CTE  shift 138
	'-'  shift 40
	.  error

	acceso_par  goto 139
	expresion_aritmetica  goto 240
	unaria  goto 142


state 194
	expresion_aritmetica : expresion_aritmetica '-' . expresion_aritmetica  (136)

	T_ID  shift 137
	T_CTE  shift 138
	'-'  shift 40
	.  error

	acceso_par  goto 139
	expresion_aritmetica  goto 241
	unaria  goto 142


state 195
	expresion_aritmetica : expresion_aritmetica '*' . expresion_aritmetica  (137)

	T_ID  shift 137
	T_CTE  shift 138
	'-'  shift 40
	.  error

	acceso_par  goto 139
	expresion_aritmetica  goto 242
	unaria  goto 142


state 196
	expresion_aritmetica : expresion_aritmetica '/' . expresion_aritmetica  (138)

	T_ID  shift 137
	T_CTE  shift 138
	'-'  shift 40
	.  error

	acceso_par  goto 139
	expresion_aritmetica  goto 243
	unaria  goto 142


state 197
	if_statement : IF '(' ')' bloque_THEN END_IF . ';'  (54)

	';'  shift 244
	.  error


state 198
	if_statement : IF '(' ')' bloque_THEN_CON_ELSE bloque_ELSE . END_IF ';'  (55)

	END_IF  shift 245
	.  error


state 199
	if_statement : IF '(' condicion ')' repeat_sentencia . END_IF ';'  (56)
	if_statement : IF '(' condicion ')' repeat_sentencia . bloque_ELSE END_IF ';'  (57)

	ELSE  shift 154
	END_IF  shift 246
	.  error

	signo_ELSE  goto 155
	bloque_ELSE  goto 247


state 200
	bloque_THEN : signo_THEN . repeat_sentencia  (46)
	bloque_THEN_CON_ELSE : signo_THEN . repeat_sentencia  (47)
	if_statement : IF '(' condicion ')' signo_THEN . END_IF ';'  (58)
	if_statement : IF '(' condicion ')' signo_THEN . signo_ELSE END_IF ';'  (59)

	IF  shift 6
	ELSE  shift 154
	BEGIN  shift 1
	END_IF  shift 248
	OUTF  shift 8
	TYPEDEF  shift 9
	RET  shift 10
	REPEAT  shift 11
	GOTO  shift 12
	LONGINT  shift 13
	DOUBLE  shift 14
	T_ID  shift 15
	T_CTE  shift 16
	T_ETIQUETA  shift 17
	.  error

	bloque_sentencias  goto 74
	sentencia  goto 75
	declaracion  goto 20
	asignacion  goto 21
	if_statement  goto 22
	repeat_while_statement  goto 23
	salida  goto 24
	declaracion_funcion  goto 25
	goto_statement  goto 26
	sentencia_declarativa_tipos  goto 27
	tipo  goto 28
	encabezado_funcion  goto 29
	repeat_sentencia  goto 152
	signo_ELSE  goto 249
	inicio_while  goto 30
	IDENTIFIER_LIST  goto 31
	acceso_par  goto 32


state 201
	if_statement : IF '(' condicion ')' bloque_THEN . END_IF ';'  (49)
	if_statement : IF '(' condicion ')' bloque_THEN . END_IF  (52)
	if_statement : IF '(' condicion ')' bloque_THEN . error ';'  (62)

	error  shift 250
	END_IF  shift 251
	.  error


state 202
	if_statement : IF '(' condicion ')' bloque_THEN_CON_ELSE . bloque_ELSE END_IF ';'  (50)
	if_statement : IF '(' condicion ')' bloque_THEN_CON_ELSE . repeat_sentencia END_IF ';'  (51)
	if_statement : IF '(' condicion ')' bloque_THEN_CON_ELSE . bloque_ELSE END_IF  (53)
	if_statement : IF '(' condicion ')' bloque_THEN_CON_ELSE . bloque_ELSE error ';'  (63)

	IF  shift 6
	ELSE  shift 154
	BEGIN  shift 1
	OUTF  shift 8
	TYPEDEF  shift 9
	RET  shift 10
	REPEAT  shift 11
	GOTO  shift 12
	LONGINT  shift 13
	DOUBLE  shift 14
	T_ID  shift 15
	T_CTE  shift 16
	T_ETIQUETA  shift 17
	.  error

	bloque_sentencias  goto 74
	sentencia  goto 75
	declaracion  goto 20
	asignacion  goto 21
	if_statement  goto 22
	repeat_while_statement  goto 23
	salida  goto 24
	declaracion_funcion  goto 25
	goto_statement  goto 26
	sentencia_declarativa_tipos  goto 27
	tipo  goto 28
	encabezado_funcion  goto 29
	repeat_sentencia  goto 252
	signo_ELSE  goto 155
	bloque_ELSE  goto 253
	inicio_while  goto 30
	IDENTIFIER_LIST  goto 31
	acceso_par  goto 32


state 203
	if_statement : IF condicion bloque_THEN END_IF ';' .  (60)

	.  reduce 60


state 204
	bloque_ELSE : signo_ELSE repeat_sentencia .  (48)

	.  reduce 48


state 205
	if_statement : IF condicion bloque_THEN_CON_ELSE bloque_ELSE END_IF . ';'  (61)

	';'  shift 254
	.  error


state 206
	salida : OUTF '(' T_CADENA ')' ';' .  (71)

	.  reduce 71


state 207
	salida : OUTF '(' sentencia ')' ';' .  (75)

	.  reduce 75


state 208
	salida : OUTF '(' expresion ')' ';' .  (72)

	.  reduce 72


state 209
	sentencia_declarativa_tipos : TYPEDEF PAIR LONGINT T_ID ';' .  (82)

	.  reduce 82


state 210
	sentencia_declarativa_tipos : TYPEDEF PAIR DOUBLE T_ID ';' .  (81)

	.  reduce 81


state 211
	sentencia_declarativa_tipos : TYPEDEF PAIR '<' LONGINT '>' . T_ID ';'  (78)
	sentencia_declarativa_tipos : TYPEDEF PAIR '<' LONGINT '>' . T_ID  (85)
	sentencia_declarativa_tipos : TYPEDEF PAIR '<' LONGINT '>' . ';'  (89)

	T_ID  shift 255
	';'  shift 256
	.  error


state 212
	sentencia_declarativa_tipos : TYPEDEF PAIR '<' DOUBLE '>' . T_ID ';'  (79)
	sentencia_declarativa_tipos : TYPEDEF PAIR '<' DOUBLE '>' . T_ID  (86)
	sentencia_declarativa_tipos : TYPEDEF PAIR '<' DOUBLE '>' . ';'  (90)

	T_ID  shift 257
	';'  shift 258
	.  error


state 213
	sentencia_declarativa_tipos : TYPEDEF PAIR '<' T_ID '>' . T_ID ';'  (84)

	T_ID  shift 259
	.  error


state 214
	sentencia_declarativa_tipos : TYPEDEF PAIR '<' '>' T_ID . ';'  (80)

	';'  shift 260
	.  error


state 215
	subrango : '{' T_CTE . ',' T_CTE '}'  (95)
	subrango : '{' T_CTE . ',' '-' T_CTE '}'  (97)

	','  shift 261
	.  error


state 216
	subrango : '{' '-' . T_CTE ',' T_CTE '}'  (96)
	subrango : '{' '-' . T_CTE ',' '-' T_CTE '}'  (98)

	T_CTE  shift 262
	.  error


state 217
	subrango : '{' '}' .  (99)

	.  reduce 99


state 218
	sentencia_declarativa_tipos : TYPEDEF T_ASIGNACION tipo subrango ';' .  (91)

	.  reduce 91


state 219
	sentencia_declarativa_tipos : TYPEDEF T_ID T_ASIGNACION tipo ';' .  (93)

	.  reduce 93


state 220
	sentencia_declarativa_tipos : TYPEDEF T_ID T_ASIGNACION tipo subrango . ';'  (77)
	sentencia_declarativa_tipos : TYPEDEF T_ID T_ASIGNACION tipo subrango .  (83)

	';'  shift 263
	error  reduce 83
	IF  reduce 83
	ELSE  reduce 83
	BEGIN  reduce 83
	END  reduce 83
	END_IF  reduce 83
	OUTF  reduce 83
	TYPEDEF  reduce 83
	RET  reduce 83
	REPEAT  reduce 83
	WHILE  reduce 83
	GOTO  reduce 83
	LONGINT  reduce 83
	DOUBLE  reduce 83
	T_ID  reduce 83
	T_CTE  reduce 83
	T_ETIQUETA  reduce 83
	')'  reduce 83


state 221
	sentencia_declarativa_tipos : TYPEDEF T_ID T_ASIGNACION subrango ';' .  (92)

	.  reduce 92


state 222
	sentencia_declarativa_tipos : TYPEDEF T_ID tipo subrango ';' .  (94)

	.  reduce 94


state 223
	sentencia_declarativa_tipos : TYPEDEF '<' LONGINT '>' T_ID . ';'  (87)

	';'  shift 264
	.  error


state 224
	sentencia_declarativa_tipos : TYPEDEF '<' DOUBLE '>' T_ID . ';'  (88)

	';'  shift 265
	.  error


state 225
	sentencia : RET '(' expresion ')' ';' .  (18)

	.  reduce 18


state 226
	declaracion_funcion : tipo nombre '(' tipo T_ID . ')' bloque_sentencias  (32)

	')'  shift 266
	.  error


state 227
	declaracion_funcion : encabezado_funcion '(' tipo T_ID ')' . bloque_sentencias  (33)

	BEGIN  shift 1
	.  error

	bloque_sentencias  goto 267


state 228
	parametro : tipo T_ID .  (35)

	.  reduce 35


state 229
	declaracion_funcion : encabezado_funcion nombre '(' tipo ')' . bloque_sentencias  (31)

	BEGIN  shift 1
	.  error

	bloque_sentencias  goto 268


state 230
	declaracion_funcion : encabezado_funcion nombre '(' parametro ')' . bloque_sentencias  (29)
	declaracion_funcion : encabezado_funcion nombre '(' parametro ')' . bloque_sentencias ';'  (34)

	BEGIN  shift 1
	.  error

	bloque_sentencias  goto 269


state 231
	parametros_error : parametro ',' . parametro  (36)

	LONGINT  shift 13
	DOUBLE  shift 14
	T_ID  shift 105
	.  error

	tipo  goto 270
	parametro  goto 271


state 232
	declaracion_funcion : encabezado_funcion nombre '(' parametros_error ')' . bloque_sentencias  (30)

	BEGIN  shift 1
	.  error

	bloque_sentencias  goto 272


state 233
	parametros_error : parametros_error ',' . parametro  (37)

	LONGINT  shift 13
	DOUBLE  shift 14
	T_ID  shift 105
	.  error

	tipo  goto 270
	parametro  goto 273


state 234
	repeat_while_statement : inicio_while WHILE '(' condicion ')' .  (67)

	.  reduce 67


state 235
	repeat_while_statement : inicio_while repeat_sentencia error '(' condicion . ')' ';'  (70)

	')'  shift 274
	.  error


state 236
	repeat_while_statement : inicio_while repeat_sentencia WHILE '(' ')' . ';'  (68)

	';'  shift 275
	.  error


state 237
	repeat_while_statement : inicio_while repeat_sentencia WHILE '(' condicion . ')' ';'  (65)
	repeat_while_statement : inicio_while repeat_sentencia WHILE '(' condicion . ')'  (66)

	')'  shift 276
	.  error


state 238
	repeat_while_statement : inicio_while repeat_sentencia WHILE condicion ';' .  (69)

	.  reduce 69


state 239
	expresion_list : expresion_list ',' expresion .  (115)
	expresion : expresion . '+' expresion  (143)
	expresion : expresion . '-' expresion  (144)
	expresion : expresion . '*' expresion  (145)
	expresion : expresion . '/' expresion  (146)

	'+'  shift 85
	'-'  shift 86
	'*'  shift 87
	'/'  shift 88
	error  reduce 115
	';'  reduce 115
	','  reduce 115


state 240
	expresion_aritmetica : expresion_aritmetica . '+' expresion_aritmetica  (135)
	expresion_aritmetica : expresion_aritmetica '+' expresion_aritmetica .  (135)
	expresion_aritmetica : expresion_aritmetica . '-' expresion_aritmetica  (136)
	expresion_aritmetica : expresion_aritmetica . '*' expresion_aritmetica  (137)
	expresion_aritmetica : expresion_aritmetica . '/' expresion_aritmetica  (138)

	'*'  shift 195
	'/'  shift 196
	'+'  reduce 135
	'-'  reduce 135
	')'  reduce 135


state 241
	expresion_aritmetica : expresion_aritmetica . '+' expresion_aritmetica  (135)
	expresion_aritmetica : expresion_aritmetica . '-' expresion_aritmetica  (136)
	expresion_aritmetica : expresion_aritmetica '-' expresion_aritmetica .  (136)
	expresion_aritmetica : expresion_aritmetica . '*' expresion_aritmetica  (137)
	expresion_aritmetica : expresion_aritmetica . '/' expresion_aritmetica  (138)

	'*'  shift 195
	'/'  shift 196
	'+'  reduce 136
	'-'  reduce 136
	')'  reduce 136


state 242
	expresion_aritmetica : expresion_aritmetica . '+' expresion_aritmetica  (135)
	expresion_aritmetica : expresion_aritmetica . '-' expresion_aritmetica  (136)
	expresion_aritmetica : expresion_aritmetica . '*' expresion_aritmetica  (137)
	expresion_aritmetica : expresion_aritmetica '*' expresion_aritmetica .  (137)
	expresion_aritmetica : expresion_aritmetica . '/' expresion_aritmetica  (138)

	.  reduce 137


state 243
	expresion_aritmetica : expresion_aritmetica . '+' expresion_aritmetica  (135)
	expresion_aritmetica : expresion_aritmetica . '-' expresion_aritmetica  (136)
	expresion_aritmetica : expresion_aritmetica . '*' expresion_aritmetica  (137)
	expresion_aritmetica : expresion_aritmetica . '/' expresion_aritmetica  (138)
	expresion_aritmetica : expresion_aritmetica '/' expresion_aritmetica .  (138)

	.  reduce 138


state 244
	if_statement : IF '(' ')' bloque_THEN END_IF ';' .  (54)

	.  reduce 54


state 245
	if_statement : IF '(' ')' bloque_THEN_CON_ELSE bloque_ELSE END_IF . ';'  (55)

	';'  shift 277
	.  error


state 246
	if_statement : IF '(' condicion ')' repeat_sentencia END_IF . ';'  (56)

	';'  shift 278
	.  error


state 247
	if_statement : IF '(' condicion ')' repeat_sentencia bloque_ELSE . END_IF ';'  (57)

	END_IF  shift 279
	.  error


state 248
	if_statement : IF '(' condicion ')' signo_THEN END_IF . ';'  (58)

	';'  shift 280
	.  error


state 249
	if_statement : IF '(' condicion ')' signo_THEN signo_ELSE . END_IF ';'  (59)

	END_IF  shift 281
	.  error


state 250
	if_statement : IF '(' condicion ')' bloque_THEN error . ';'  (62)

	';'  shift 282
	.  error


state 251
	if_statement : IF '(' condicion ')' bloque_THEN END_IF . ';'  (49)
	if_statement : IF '(' condicion ')' bloque_THEN END_IF .  (52)

	';'  shift 283
	error  reduce 52
	IF  reduce 52
	ELSE  reduce 52
	BEGIN  reduce 52
	END  reduce 52
	END_IF  reduce 52
	OUTF  reduce 52
	TYPEDEF  reduce 52
	RET  reduce 52
	REPEAT  reduce 52
	WHILE  reduce 52
	GOTO  reduce 52
	LONGINT  reduce 52
	DOUBLE  reduce 52
	T_ID  reduce 52
	T_CTE  reduce 52
	T_ETIQUETA  reduce 52
	')'  reduce 52


state 252
	if_statement : IF '(' condicion ')' bloque_THEN_CON_ELSE repeat_sentencia . END_IF ';'  (51)

	END_IF  shift 284
	.  error


state 253
	if_statement : IF '(' condicion ')' bloque_THEN_CON_ELSE bloque_ELSE . END_IF ';'  (50)
	if_statement : IF '(' condicion ')' bloque_THEN_CON_ELSE bloque_ELSE . END_IF  (53)
	if_statement : IF '(' condicion ')' bloque_THEN_CON_ELSE bloque_ELSE . error ';'  (63)

	error  shift 285
	END_IF  shift 286
	.  error


state 254
	if_statement : IF condicion bloque_THEN_CON_ELSE bloque_ELSE END_IF ';' .  (61)

	.  reduce 61


state 255
	sentencia_declarativa_tipos : TYPEDEF PAIR '<' LONGINT '>' T_ID . ';'  (78)
	sentencia_declarativa_tipos : TYPEDEF PAIR '<' LONGINT '>' T_ID .  (85)

	';'  shift 287
	error  reduce 85
	IF  reduce 85
	ELSE  reduce 85
	BEGIN  reduce 85
	END  reduce 85
	END_IF  reduce 85
	OUTF  reduce 85
	TYPEDEF  reduce 85
	RET  reduce 85
	REPEAT  reduce 85
	WHILE  reduce 85
	GOTO  reduce 85
	LONGINT  reduce 85
	DOUBLE  reduce 85
	T_ID  reduce 85
	T_CTE  reduce 85
	T_ETIQUETA  reduce 85
	')'  reduce 85


state 256
	sentencia_declarativa_tipos : TYPEDEF PAIR '<' LONGINT '>' ';' .  (89)

	.  reduce 89


state 257
	sentencia_declarativa_tipos : TYPEDEF PAIR '<' DOUBLE '>' T_ID . ';'  (79)
	sentencia_declarativa_tipos : TYPEDEF PAIR '<' DOUBLE '>' T_ID .  (86)

	';'  shift 288
	error  reduce 86
	IF  reduce 86
	ELSE  reduce 86
	BEGIN  reduce 86
	END  reduce 86
	END_IF  reduce 86
	OUTF  reduce 86
	TYPEDEF  reduce 86
	RET  reduce 86
	REPEAT  reduce 86
	WHILE  reduce 86
	GOTO  reduce 86
	LONGINT  reduce 86
	DOUBLE  reduce 86
	T_ID  reduce 86
	T_CTE  reduce 86
	T_ETIQUETA  reduce 86
	')'  reduce 86


state 258
	sentencia_declarativa_tipos : TYPEDEF PAIR '<' DOUBLE '>' ';' .  (90)

	.  reduce 90


state 259
	sentencia_declarativa_tipos : TYPEDEF PAIR '<' T_ID '>' T_ID . ';'  (84)

	';'  shift 289
	.  error


state 260
	sentencia_declarativa_tipos : TYPEDEF PAIR '<' '>' T_ID ';' .  (80)

	.  reduce 80


state 261
	subrango : '{' T_CTE ',' . T_CTE '}'  (95)
	subrango : '{' T_CTE ',' . '-' T_CTE '}'  (97)

	T_CTE  shift 290
	'-'  shift 291
	.  error


state 262
	subrango : '{' '-' T_CTE . ',' T_CTE '}'  (96)
	subrango : '{' '-' T_CTE . ',' '-' T_CTE '}'  (98)

	','  shift 292
	.  error


state 263
	sentencia_declarativa_tipos : TYPEDEF T_ID T_ASIGNACION tipo subrango ';' .  (77)

	.  reduce 77


state 264
	sentencia_declarativa_tipos : TYPEDEF '<' LONGINT '>' T_ID ';' .  (87)

	.  reduce 87


state 265
	sentencia_declarativa_tipos : TYPEDEF '<' DOUBLE '>' T_ID ';' .  (88)

	.  reduce 88


state 266
	declaracion_funcion : tipo nombre '(' tipo T_ID ')' . bloque_sentencias  (32)

	BEGIN  shift 1
	.  error

	bloque_sentencias  goto 293


state 267
	declaracion_funcion : encabezado_funcion '(' tipo T_ID ')' bloque_sentencias .  (33)

	.  reduce 33


state 268
	declaracion_funcion : encabezado_funcion nombre '(' tipo ')' bloque_sentencias .  (31)

	.  reduce 31


state 269
	declaracion_funcion : encabezado_funcion nombre '(' parametro ')' bloque_sentencias .  (29)
	declaracion_funcion : encabezado_funcion nombre '(' parametro ')' bloque_sentencias . ';'  (34)

	';'  shift 294
	error  reduce 29
	IF  reduce 29
	ELSE  reduce 29
	BEGIN  reduce 29
	END  reduce 29
	END_IF  reduce 29
	OUTF  reduce 29
	TYPEDEF  reduce 29
	RET  reduce 29
	REPEAT  reduce 29
	WHILE  reduce 29
	GOTO  reduce 29
	LONGINT  reduce 29
	DOUBLE  reduce 29
	T_ID  reduce 29
	T_CTE  reduce 29
	T_ETIQUETA  reduce 29
	')'  reduce 29


state 270
	parametro : tipo . T_ID  (35)

	T_ID  shift 228
	.  error


state 271
	parametros_error : parametro ',' parametro .  (36)

	.  reduce 36


state 272
	declaracion_funcion : encabezado_funcion nombre '(' parametros_error ')' bloque_sentencias .  (30)

	.  reduce 30


state 273
	parametros_error : parametros_error ',' parametro .  (37)

	.  reduce 37


state 274
	repeat_while_statement : inicio_while repeat_sentencia error '(' condicion ')' . ';'  (70)

	';'  shift 295
	.  error


state 275
	repeat_while_statement : inicio_while repeat_sentencia WHILE '(' ')' ';' .  (68)

	.  reduce 68


state 276
	repeat_while_statement : inicio_while repeat_sentencia WHILE '(' condicion ')' . ';'  (65)
	repeat_while_statement : inicio_while repeat_sentencia WHILE '(' condicion ')' .  (66)

	';'  shift 296
	error  reduce 66
	IF  reduce 66
	ELSE  reduce 66
	BEGIN  reduce 66
	END  reduce 66
	END_IF  reduce 66
	OUTF  reduce 66
	TYPEDEF  reduce 66
	RET  reduce 66
	REPEAT  reduce 66
	WHILE  reduce 66
	GOTO  reduce 66
	LONGINT  reduce 66
	DOUBLE  reduce 66
	T_ID  reduce 66
	T_CTE  reduce 66
	T_ETIQUETA  reduce 66
	')'  reduce 66


state 277
	if_statement : IF '(' ')' bloque_THEN_CON_ELSE bloque_ELSE END_IF ';' .  (55)

	.  reduce 55


state 278
	if_statement : IF '(' condicion ')' repeat_sentencia END_IF ';' .  (56)

	.  reduce 56


state 279
	if_statement : IF '(' condicion ')' repeat_sentencia bloque_ELSE END_IF . ';'  (57)

	';'  shift 297
	.  error


state 280
	if_statement : IF '(' condicion ')' signo_THEN END_IF ';' .  (58)

	.  reduce 58


state 281
	if_statement : IF '(' condicion ')' signo_THEN signo_ELSE END_IF . ';'  (59)

	';'  shift 298
	.  error


state 282
	if_statement : IF '(' condicion ')' bloque_THEN error ';' .  (62)

	.  reduce 62


state 283
	if_statement : IF '(' condicion ')' bloque_THEN END_IF ';' .  (49)

	.  reduce 49


state 284
	if_statement : IF '(' condicion ')' bloque_THEN_CON_ELSE repeat_sentencia END_IF . ';'  (51)

	';'  shift 299
	.  error


state 285
	if_statement : IF '(' condicion ')' bloque_THEN_CON_ELSE bloque_ELSE error . ';'  (63)

	';'  shift 300
	.  error


state 286
	if_statement : IF '(' condicion ')' bloque_THEN_CON_ELSE bloque_ELSE END_IF . ';'  (50)
	if_statement : IF '(' condicion ')' bloque_THEN_CON_ELSE bloque_ELSE END_IF .  (53)

	';'  shift 301
	error  reduce 53
	IF  reduce 53
	ELSE  reduce 53
	BEGIN  reduce 53
	END  reduce 53
	END_IF  reduce 53
	OUTF  reduce 53
	TYPEDEF  reduce 53
	RET  reduce 53
	REPEAT  reduce 53
	WHILE  reduce 53
	GOTO  reduce 53
	LONGINT  reduce 53
	DOUBLE  reduce 53
	T_ID  reduce 53
	T_CTE  reduce 53
	T_ETIQUETA  reduce 53
	')'  reduce 53


state 287
	sentencia_declarativa_tipos : TYPEDEF PAIR '<' LONGINT '>' T_ID ';' .  (78)

	.  reduce 78


state 288
	sentencia_declarativa_tipos : TYPEDEF PAIR '<' DOUBLE '>' T_ID ';' .  (79)

	.  reduce 79


state 289
	sentencia_declarativa_tipos : TYPEDEF PAIR '<' T_ID '>' T_ID ';' .  (84)

	.  reduce 84


state 290
	subrango : '{' T_CTE ',' T_CTE . '}'  (95)

	'}'  shift 302
	.  error


state 291
	subrango : '{' T_CTE ',' '-' . T_CTE '}'  (97)

	T_CTE  shift 303
	.  error


state 292
	subrango : '{' '-' T_CTE ',' . T_CTE '}'  (96)
	subrango : '{' '-' T_CTE ',' . '-' T_CTE '}'  (98)

	T_CTE  shift 304
	'-'  shift 305
	.  error


state 293
	declaracion_funcion : tipo nombre '(' tipo T_ID ')' bloque_sentencias .  (32)

	.  reduce 32


state 294
	declaracion_funcion : encabezado_funcion nombre '(' parametro ')' bloque_sentencias ';' .  (34)

	.  reduce 34


state 295
	repeat_while_statement : inicio_while repeat_sentencia error '(' condicion ')' ';' .  (70)

	.  reduce 70


state 296
	repeat_while_statement : inicio_while repeat_sentencia WHILE '(' condicion ')' ';' .  (65)

	.  reduce 65


state 297
	if_statement : IF '(' condicion ')' repeat_sentencia bloque_ELSE END_IF ';' .  (57)

	.  reduce 57


state 298
	if_statement : IF '(' condicion ')' signo_THEN signo_ELSE END_IF ';' .  (59)

	.  reduce 59


state 299
	if_statement : IF '(' condicion ')' bloque_THEN_CON_ELSE repeat_sentencia END_IF ';' .  (51)

	.  reduce 51


state 300
	if_statement : IF '(' condicion ')' bloque_THEN_CON_ELSE bloque_ELSE error ';' .  (63)

	.  reduce 63


state 301
	if_statement : IF '(' condicion ')' bloque_THEN_CON_ELSE bloque_ELSE END_IF ';' .  (50)

	.  reduce 50


state 302
	subrango : '{' T_CTE ',' T_CTE '}' .  (95)

	.  reduce 95


state 303
	subrango : '{' T_CTE ',' '-' T_CTE . '}'  (97)

	'}'  shift 306
	.  error


state 304
	subrango : '{' '-' T_CTE ',' T_CTE . '}'  (96)

	'}'  shift 307
	.  error


state 305
	subrango : '{' '-' T_CTE ',' '-' . T_CTE '}'  (98)

	T_CTE  shift 308
	.  error


state 306
	subrango : '{' T_CTE ',' '-' T_CTE '}' .  (97)

	.  reduce 97


state 307
	subrango : '{' '-' T_CTE ',' T_CTE '}' .  (96)

	.  reduce 96


state 308
	subrango : '{' '-' T_CTE ',' '-' T_CTE . '}'  (98)

	'}'  shift 309
	.  error


state 309
	subrango : '{' '-' T_CTE ',' '-' T_CTE '}' .  (98)

	.  reduce 98


39 terminals, 37 nonterminals
154 grammar rules, 310 states
